// Jest Snapshot v1, https://goo.gl/fbAQLP

exports[`Footer should render correctly 1`] = `
<footer
  className="footer navbar-default navbar-fixed"
>
  <div
    className="container"
  >
    <p
      className="text-muted text-center"
    >
      Â©
      2019
      , Made By Itua Akhator
    </p>
  </div>
</footer>
`;
