// Jest Snapshot v1, https://goo.gl/fbAQLP

exports[`SearchField should render correctly 1`] = `
<input
  className="form-control"
  placeholder="Search for your favourite news sources on the go..."
  type="text"
/>
`;
